------- FILE title_screen_uncompressed.s LEVEL 1 PASS 3
      1  1599 ????						; title_screen.s
      2  1599 ????						;
      3  1599 ????						; displaying the title screen
      4  1599 ????						; game name: BIMGUS WARS
      5  1599 ????						; team name: UR MOM
      6  1599 ????						; year: 2024
      7  1599 ????						; title picture: 1 green tank facing 3 red tank
      8  1599 ????
      9  1599 ????				      processor	6502
     10  1599 ????
     11  1599 ????	       1c 00	   CHARACTER_RAM =	$1c00
     12  1599 ????
     13  1599 ????	       00 16	   SCREEN_WIDTH =	22
     14  1599 ????	       00 17	   SCREEN_HEIGHT =	23
     15  1599 ????
     16 U000a ????				      seg.u	zp
     17 U0000					      org	$0
     18 U0000							; zero page variable position
     19 U0000				   SCREEN_RAM_VAR
     20 U0000		       00 00		      ds.w	1
     21 U0002				   COLOR_RAM_VAR
     22 U0002		       00 00		      ds.w	1
     23 U0004				   MAP_DATA_VAR
     24 U0004		       00 00		      ds.w	1
     25 U0006				   CM_DATA_VAR
     26 U0006		       00 00		      ds.w	1
     27 U0008				   X_VAR
     28 U0008		       00		      ds.b	1
     29 U0009				   Y_VAR
     30 U0009		       00		      ds.b	1
     31  1599 ????				      seg
     32  1599 ????
     33  1001					      org	$1001
     34  1001
     35  1001							; BASIC stub
     36  1001		       0b 10		      dc.w	nextstmt
     37  1003		       0a 00		      dc.w	10
     38  1005		       9e 34 31 30*	      dc.b	$9e, [start]d, 0
     39  100b				   nextstmt
     40  100b		       00 00		      dc.w	0
     41  100d
     42  100d							; main
     43  100d				   start
     44  100d							; set character location to character ram
     45  100d		       a9 ff		      lda	#$ff
     46  100f		       8d 05 90 	      sta	$9005
     47  1012
     48  1012							; set screen and border color
     49  1012		       a9 0b		      lda	#$0b
     50  1014		       8d 0f 90 	      sta	$900f
     51  1017
     52  1017							; copy custom character to character ram
     53  1017		       a2 00		      ldx	#0
     54  1019				   ccr_loop
     55  1019		       bd a5 10 	      lda	title_char,x
     56  101c		       9d 00 1c 	      sta	CHARACTER_RAM,x
     57  101f		       e8		      inx
     58  1020		       e0 00		      cpx	#0
     59  1022		       d0 f5		      bne	ccr_loop
     60  1024
     61  1024							; copy map data to screen ram
     62  1024							; initiate screen ram address and map data offset on the zero page
     63  1024		       a9 00		      lda	#$00
     64  1026		       85 00		      sta	SCREEN_RAM_VAR
     65  1028		       a9 1e		      lda	#$1e
     66  102a		       85 01		      sta	SCREEN_RAM_VAR+1
     67  102c		       a9 00		      lda	#$00
     68  102e		       85 02		      sta	COLOR_RAM_VAR
     69  1030		       a9 96		      lda	#$96
     70  1032		       85 03		      sta	COLOR_RAM_VAR+1
     71  1034		       ad a1 10 	      lda	title_map_loc
     72  1037		       85 04		      sta	MAP_DATA_VAR
     73  1039		       ad a2 10 	      lda	title_map_loc+1
     74  103c		       85 05		      sta	MAP_DATA_VAR+1
     75  103e		       ad a3 10 	      lda	title_cm_loc
     76  1041		       85 06		      sta	CM_DATA_VAR
     77  1043		       ad a4 10 	      lda	title_cm_loc+1
     78  1046		       85 07		      sta	CM_DATA_VAR+1
     79  1048
     80  1048							; initiate y
     81  1048		       a9 00		      lda	#0
     82  104a		       85 09		      sta	Y_VAR
     83  104c				   y_loop
     84  104c							; initiate x
     85  104c		       a9 00		      lda	#0
     86  104e		       85 08		      sta	X_VAR
     87  1050				   x_loop
     88  1050							; load map data at (x, y)
     89  1050							; put map data on screen
     90  1050		       a4 08		      ldy	X_VAR
     91  1052		       b1 04		      lda	(MAP_DATA_VAR),y
     92  1054		       91 00		      sta	(SCREEN_RAM_VAR),y
     93  1056		       b1 06		      lda	(CM_DATA_VAR),y
     94  1058		       91 02		      sta	(COLOR_RAM_VAR),y
     95  105a		       c8		      iny
     96  105b		       84 08		      sty	X_VAR
     97  105d							; check if x hit map width
     98  105d		       c0 16		      cpy	#SCREEN_WIDTH
     99  105f		       d0 ef		      bne	x_loop
    100  1061
    101  1061							; increment SCREEN_RAM_VAR everytime we increment y
    102  1061		       18		      clc
    103  1062		       a5 04		      lda	MAP_DATA_VAR
    104  1064		       69 16		      adc	#SCREEN_WIDTH
    105  1066		       85 04		      sta	MAP_DATA_VAR
    106  1068		       a5 05		      lda	MAP_DATA_VAR+1
    107  106a		       69 00		      adc	#0
    108  106c		       85 05		      sta	MAP_DATA_VAR+1
    109  106e
    110  106e		       18		      clc
    111  106f		       a5 00		      lda	SCREEN_RAM_VAR
    112  1071		       69 16		      adc	#SCREEN_WIDTH
    113  1073		       85 00		      sta	SCREEN_RAM_VAR
    114  1075		       a5 01		      lda	SCREEN_RAM_VAR+1
    115  1077		       69 00		      adc	#0
    116  1079		       85 01		      sta	SCREEN_RAM_VAR+1
    117  107b
    118  107b		       18		      clc
    119  107c		       a5 06		      lda	CM_DATA_VAR
    120  107e		       69 16		      adc	#SCREEN_WIDTH
    121  1080		       85 06		      sta	CM_DATA_VAR
    122  1082		       a5 07		      lda	CM_DATA_VAR+1
    123  1084		       69 00		      adc	#0
    124  1086		       85 07		      sta	CM_DATA_VAR+1
    125  1088
    126  1088		       18		      clc
    127  1089		       a5 02		      lda	COLOR_RAM_VAR
    128  108b		       69 16		      adc	#SCREEN_WIDTH
    129  108d		       85 02		      sta	COLOR_RAM_VAR
    130  108f		       a5 03		      lda	COLOR_RAM_VAR+1
    131  1091		       69 00		      adc	#0
    132  1093		       85 03		      sta	COLOR_RAM_VAR+1
    133  1095
    134  1095		       a6 09		      ldx	Y_VAR
    135  1097		       e8		      inx
    136  1098		       86 09		      stx	Y_VAR
    137  109a							; check if y hit map height
    138  109a		       e0 17		      cpx	#SCREEN_HEIGHT
    139  109c		       d0 ae		      bne	y_loop
    140  109e
    141  109e				   inf_loop
    142  109e		       4c 9e 10 	      jmp	inf_loop
    143  10a1
    144  10a1				   title_map_loc
    145  10a1		       a5 11		      dc.w	title_map
    146  10a3
    147  10a3				   title_cm_loc
    148  10a3		       9f 13		      dc.w	title_cm
    149  10a5
    150  10a5				   title_char
------- FILE ./chars/title_char.s LEVEL 2 PASS 3
      0  10a5					      include	"./chars/title_char.s"
      1  10a5		       07 1f 3c 70*	      dc.b	$7, $1f, $3c, $70, $60, $e0, $c1, $c1
      2  10ad		       c0 f0 fc ff*	      dc.b	$c0, $f0, $fc, $ff, $ff, $ff, $ff, $ff
      3  10b5		       00 00 00 00*	      dc.b	$0, $0, $0, $0, $c0, $f0, $fc, $ff
      4  10bd		       01 03 07 0f*	      dc.b	$1, $3, $7, $f, $1f, $3f, $7f, $ff
      5  10c5		       c3 c3 e7 7f*	      dc.b	$c3, $c3, $e7, $7f, $7f, $3f, $f, $3
      6  10cd		       ff ff ff ff*	      dc.b	$ff, $ff, $ff, $ff, $ff, $ff, $ff, $ff
      7  10d5		       ff 3f 0f 03*	      dc.b	$ff, $3f, $f, $3, $0, $0, $0, $0
      8  10dd		       ff ff ff ff*	      dc.b	$ff, $ff, $ff, $ff, $0, $0, $0, $0
      9  10e5		       80 80 c0 c0*	      dc.b	$80, $80, $c0, $c0, $e0, $e0, $f0, $f0
     10  10ed		       03 0f 3f 7f*	      dc.b	$3, $f, $3f, $7f, $7f, $ff, $ff, $ff
     11  10f5		       80 c0 e0 f0*	      dc.b	$80, $c0, $e0, $f0, $f8, $fc, $fe, $ff
     12  10fd		       ff fc f0 c0*	      dc.b	$ff, $fc, $f0, $c0, $0, $0, $0, $0
     13  1105		       ff ff ff ff*	      dc.b	$ff, $ff, $ff, $ff, $ff, $fc, $f0, $c0
     14  110d		       f0 e0 c0 80*	      dc.b	$f0, $e0, $c0, $80, $0, $0, $0, $0
     15  1115		       ff ff ff 7f*	      dc.b	$ff, $ff, $ff, $7f, $7f, $3f, $f, $3
     16  111d		       00 00 00 00*	      dc.b	$0, $0, $0, $0, $3, $f, $3f, $7f
     17  1125		       03 0f 3f ff*	      dc.b	$3, $f, $3f, $ff, $ff, $ff, $ff, $ff
     18  112d		       00 00 00 00*	      dc.b	$0, $0, $0, $0, $3, $f, $3f, $ff
     19  1135		       e0 f8 fe fe*	      dc.b	$e0, $f8, $fe, $fe, $fe, $ff, $ff, $ff
     20  113d		       7f ff ff ff*	      dc.b	$7f, $ff, $ff, $ff, $ff, $ff, $ff, $7f
     21  1145		       ff ff ff fe*	      dc.b	$ff, $ff, $ff, $fe, $fe, $fc, $f0, $c0
     22  114d		       7f 3f 0f 03*	      dc.b	$7f, $3f, $f, $3, $0, $0, $0, $0
     23  1155		       00 00 00 00*	      dc.b	$0, $0, $0, $0, $0, $0, $3c, $ff
     24  115d		       ff 7f 3f 1f*	      dc.b	$ff, $7f, $3f, $1f, $f, $7, $3, $1
     25  1165		       80 c0 e0 f0*	      dc.b	$80, $c0, $e0, $f0, $f8, $f8, $fc, $fc
     26  116d		       ff ff 7f 7f*	      dc.b	$ff, $ff, $7f, $7f, $3f, $3f, $1f, $1f
     27  1175		       f0 f0 f0 f0*	      dc.b	$f0, $f0, $f0, $f0, $f0, $f0, $f0, $f0
     28  117d		       f8 f8 fc fc*	      dc.b	$f8, $f8, $fc, $fc, $fe, $fe, $ff, $ff
     29  1185		       fe fe ff ff*	      dc.b	$fe, $fe, $ff, $ff, $ff, $ff, $ff, $ff
     30  118d		       0f 0f 0f 0f*	      dc.b	$f, $f, $f, $f, $f, $f, $f, $f
     31  1195		       f0 f0 f0 c0*	      dc.b	$f0, $f0, $f0, $c0, $0, $0, $0, $0
     32  119d		       0f 0f 07 07*	      dc.b	$f, $f, $7, $7, $3, $3, $1, $1
------- FILE title_screen_uncompressed.s
    152  11a5
    153  11a5				   title_map
------- FILE ./maps/title_map.s LEVEL 2 PASS 3
      0  11a5					      include	"./maps/title_map.s"
      1  11a5		       e0 e0 e0 e0*	      dc.b	$e0, $e0, $e0, $e0, $e0, $e0, $e0, $e0, $e0, $e0, $e0, $e0, $e0, $e0, $e0, $e0, $e0, $e0, $e0, $e0, $e0, $e0
      2  11bb		       e0 e0 e0 e0*	      dc.b	$e0, $e0, $e0, $e0, $e0, $82, $89, $8d, $87, $95, $93, $e0, $97, $81, $92, $93, $e0, $e0, $e0, $e0, $e0, $e0
      3  11d1		       e0 e0 e0 e0*	      dc.b	$e0, $e0, $e0, $e0, $e0, $e0, $e0, $e0, $e0, $e0, $e0, $e0, $e0, $e0, $e0, $e0, $e0, $e0, $e0, $e0, $e0, $e0
      4  11e7		       e0 e0 e0 e0*	      dc.b	$e0, $e0, $e0, $e0, $e0, $e0, $95, $92, $e0, $8d, $8f, $8d, $e0, $b2, $b0, $b2, $b4, $e0, $e0, $e0, $e0, $e0
      5  11fd		       e0 e0 e0 e0*	      dc.b	$e0, $e0, $e0, $e0, $e0, $e0, $e0, $e0, $e0, $e0, $e0, $e0, $e0, $e0, $e0, $e0, $e0, $e0, $e0, $e0, $e0, $e0
      6  1213		       e0 e0 e0 e0*	      dc.b	$e0, $e0, $e0, $e0, $e0, $e0, $e0, $e0, $e0, $e0, $e0, $e0, $e0, $e0, $e0, $e0, $e0, $00, $01, $02, $03, $01
      7  1229		       e0 e0 e0 e0*	      dc.b	$e0, $e0, $e0, $e0, $e0, $e0, $e0, $e0, $e0, $e0, $e0, $e0, $e0, $e0, $e0, $e0, $e0, $04, $05, $05, $05, $05
      8  123f		       e0 e0 e0 e0*	      dc.b	$e0, $e0, $e0, $e0, $e0, $e0, $e0, $e0, $e0, $00, $01, $02, $03, $01, $02, $e0, $e0, $e0, $06, $07, $05, $05
      9  1255		       e0 e0 e0 e0*	      dc.b	$e0, $e0, $e0, $e0, $e0, $e0, $e0, $e0, $e0, $04, $05, $05, $05, $05, $05, $08, $e0, $09, $0a, $e0, $06, $0b
     10  126b		       e0 e0 e0 e0*	      dc.b	$e0, $e0, $e0, $e0, $e0, $e0, $e0, $e0, $e0, $e0, $06, $07, $05, $05, $0c, $0d, $e0, $0e, $0c, $e0, $0f, $10
     11  1281		       e0 e0 e0 e0*	      dc.b	$e0, $e0, $e0, $e0, $e0, $e0, $e0, $e0, $e0, $09, $0a, $e0, $06, $0b, $11, $10, $12, $e0, $e0, $e0, $13, $05
     12  1297		       e0 e0 e0 e0*	      dc.b	$e0, $e0, $e0, $e0, $e0, $e0, $e0, $e0, $e0, $0e, $0c, $e0, $0f, $10, $05, $05, $14, $e0, $e0, $e0, $15, $0b
     13  12ad		       e0 e0 e0 e0*	      dc.b	$e0, $e0, $e0, $e0, $e0, $e0, $e0, $e0, $e0, $e0, $e0, $e0, $13, $05, $0c, $0b, $00, $01, $02, $03, $01, $02
     14  12c3		       e0 e0 e0 e0*	      dc.b	$e0, $e0, $e0, $e0, $e0, $e0, $e0, $e0, $e0, $e0, $e0, $e0, $15, $0b, $e0, $e0, $04, $05, $05, $05, $05, $05
     15  12d9		       e0 e0 e0 e0*	      dc.b	$e0, $e0, $e0, $e0, $e0, $e0, $e0, $e0, $11, $10, $0a, $e0, $e0, $e0, $e0, $e0, $e0, $06, $07, $05, $05, $0c
     16  12ef		       01 02 e0 e0*	      dc.b	$01, $02, $e0, $e0, $e0, $e0, $e0, $16, $17, $05, $05, $08, $e0, $e0, $e0, $e0, $09, $0a, $e0, $06, $0b, $11
     17  1305		       05 05 08 e0*	      dc.b	$05, $05, $08, $e0, $e0, $11, $10, $05, $18, $19, $05, $1a, $e0, $e0, $e0, $e0, $0e, $0c, $e0, $0f, $10, $05
     18  131b		       05 05 1b e0*	      dc.b	$05, $05, $1b, $e0, $10, $05, $05, $05, $1c, $1d, $0c, $1e, $e0, $e0, $e0, $e0, $e0, $e0, $e0, $13, $05, $0c
     19  1331		       05 05 05 08*	      dc.b	$05, $05, $05, $08, $19, $05, $05, $0c, $0b, $e0, $e0, $e0, $e0, $e0, $e0, $e0, $e0, $e0, $e0, $15, $0b, $e0
     20  1347		       05 05 05 1b*	      dc.b	$05, $05, $05, $1b, $1f, $0c, $0b, $e0, $e0, $e0, $e0, $e0, $e0, $e0, $e0, $e0, $e0, $e0, $e0, $e0, $e0, $e0
     21  135d		       05 05 05 05*	      dc.b	$05, $05, $05, $05, $08, $e0, $e0, $e0, $e0, $e0, $e0, $e0, $e0, $e0, $e0, $e0, $e0, $e0, $e0, $e0, $e0, $e0
     22  1373		       05 05 05 05*	      dc.b	$05, $05, $05, $05, $1b, $e0, $e0, $e0, $e0, $e0, $e0, $e0, $e0, $e0, $e0, $e0, $e0, $e0, $e0, $e0, $e0, $e0
     23  1389		       05 05 05 0c*	      dc.b	$05, $05, $05, $0c, $0b, $11, $10, $05, $01, $02, $e0, $e0, $e0, $e0, $e0, $e0, $e0, $e0, $e0, $e0, $e0, $e0
------- FILE title_screen_uncompressed.s
    155  139f
    156  139f				   title_cm
------- FILE ./maps/title_cm.s LEVEL 2 PASS 3
      0  139f					      include	"./maps/title_cm.s"
      1  139f		       01 01 01 01*	      dc.b	$01, $01, $01, $01, $01, $01, $01, $01, $01, $01, $01, $01, $01, $01, $01, $01, $01, $01, $01, $01, $01, $01
      2  13b5		       01 01 01 01*	      dc.b	$01, $01, $01, $01, $01, $01, $01, $01, $01, $01, $01, $01, $01, $01, $01, $01, $01, $01, $01, $01, $01, $01
      3  13cb		       01 01 01 01*	      dc.b	$01, $01, $01, $01, $01, $01, $01, $01, $01, $01, $01, $01, $01, $01, $01, $01, $01, $01, $01, $01, $01, $01
      4  13e1		       01 01 01 01*	      dc.b	$01, $01, $01, $01, $01, $01, $01, $01, $01, $01, $01, $01, $01, $01, $01, $01, $01, $01, $01, $01, $01, $01
      5  13f7		       01 01 01 01*	      dc.b	$01, $01, $01, $01, $01, $01, $01, $01, $01, $01, $01, $01, $01, $01, $01, $01, $01, $01, $01, $01, $01, $01
      6  140d		       01 01 01 01*	      dc.b	$01, $01, $01, $01, $01, $01, $01, $01, $01, $01, $01, $01, $01, $01, $01, $01, $01, $02, $02, $02, $02, $02
      7  1423		       01 01 01 01*	      dc.b	$01, $01, $01, $01, $01, $01, $01, $01, $01, $01, $01, $01, $01, $01, $01, $01, $01, $02, $02, $02, $02, $02
      8  1439		       01 01 01 01*	      dc.b	$01, $01, $01, $01, $01, $01, $01, $01, $01, $02, $02, $02, $02, $02, $02, $01, $01, $01, $02, $02, $02, $02
      9  144f		       01 01 01 01*	      dc.b	$01, $01, $01, $01, $01, $01, $01, $01, $01, $02, $02, $02, $02, $02, $02, $02, $01, $02, $02, $01, $02, $02
     10  1465		       01 01 01 01*	      dc.b	$01, $01, $01, $01, $01, $01, $01, $01, $01, $01, $02, $02, $02, $02, $02, $02, $01, $02, $02, $01, $02, $02
     11  147b		       01 01 01 01*	      dc.b	$01, $01, $01, $01, $01, $01, $01, $01, $01, $02, $02, $01, $02, $02, $02, $02, $02, $01, $01, $01, $02, $02
     12  1491		       01 01 01 01*	      dc.b	$01, $01, $01, $01, $01, $01, $01, $01, $01, $02, $02, $01, $02, $02, $02, $02, $02, $01, $01, $01, $02, $02
     13  14a7		       01 01 01 01*	      dc.b	$01, $01, $01, $01, $01, $01, $01, $01, $01, $01, $01, $01, $02, $02, $02, $02, $02, $02, $02, $02, $02, $02
     14  14bd		       01 01 01 01*	      dc.b	$01, $01, $01, $01, $01, $01, $01, $01, $01, $01, $01, $01, $02, $02, $01, $01, $02, $02, $02, $02, $02, $02
     15  14d3		       01 01 01 01*	      dc.b	$01, $01, $01, $01, $01, $01, $01, $01, $05, $05, $05, $01, $01, $01, $01, $01, $01, $02, $02, $02, $02, $02
     16  14e9		       05 05 01 01*	      dc.b	$05, $05, $01, $01, $01, $01, $01, $05, $05, $05, $05, $05, $01, $01, $01, $01, $02, $02, $01, $02, $02, $02
     17  14ff		       05 05 05 01*	      dc.b	$05, $05, $05, $01, $01, $05, $05, $05, $05, $05, $05, $05, $01, $01, $01, $01, $02, $02, $01, $02, $02, $02
     18  1515		       05 05 05 01*	      dc.b	$05, $05, $05, $01, $05, $05, $05, $05, $05, $05, $05, $05, $01, $01, $01, $01, $01, $01, $01, $02, $02, $02
     19  152b		       05 05 05 05*	      dc.b	$05, $05, $05, $05, $05, $05, $05, $05, $05, $01, $01, $01, $01, $01, $01, $01, $01, $01, $01, $02, $02, $01
     20  1541		       05 05 05 05*	      dc.b	$05, $05, $05, $05, $05, $05, $05, $01, $01, $01, $01, $01, $01, $01, $01, $01, $01, $01, $01, $01, $01, $01
     21  1557		       05 05 05 05*	      dc.b	$05, $05, $05, $05, $05, $01, $01, $01, $01, $01, $01, $01, $01, $01, $01, $01, $01, $01, $01, $01, $01, $01
     22  156d		       05 05 05 05*	      dc.b	$05, $05, $05, $05, $05, $01, $01, $01, $01, $01, $01, $01, $01, $01, $01, $01, $01, $01, $01, $01, $01, $01
     23  1583		       05 05 05 05*	      dc.b	$05, $05, $05, $05, $05, $05, $05, $05, $05, $05, $01, $01, $01, $01, $01, $01, $01, $01, $01, $01, $01, $01
------- FILE title_screen_uncompressed.s
